\BOOKMARK [1][-]{section.1}{\376\377\000I\000n\000t\000r\000o\000d\000u\000c\000t\000i\000o\000n}{}% 1
\BOOKMARK [1][-]{section.10}{\376\377\000P\000r\000e\000l\000i\000m\000i\000n\000a\000r\000i\000e\000s}{}% 2
\BOOKMARK [2][-]{subsection.11}{\376\377\000C\000i\000p\000h\000e\000r\000\040\000m\000a\000p\000s}{section.10}% 3
\BOOKMARK [2][-]{subsection.13}{\376\377\000C\000l\000o\000s\000u\000r\000e\000s\000\040\000o\000v\000e\000r\000\040\000a\000\040\000s\000e\000c\000r\000e\000t}{section.10}% 4
\BOOKMARK [1][-]{section.19}{\376\377\000T\000h\000e\000\040\000R\000e\000k\000e\000y\000i\000n\000g\000\040\000F\000u\000n\000c\000t\000o\000r}{}% 5
\BOOKMARK [2][-]{subsection.20}{\376\377\000D\000e\000f\000i\000n\000i\000t\000i\000o\000n}{section.19}% 6
\BOOKMARK [2][-]{subsection.22}{\376\377\000T\000h\000r\000e\000e\000\040\000r\000e\000g\000i\000m\000e\000s\000\040\000f\000o\000r\000\040\000r\000e\000k\000e\000y\000i\000n\000g}{section.19}% 7
\BOOKMARK [1][-]{section.23}{\376\377\000C\000i\000p\000h\000e\000r\000-\000M\000a\000p\000-\000M\000e\000d\000i\000a\000t\000e\000d\000\040\000R\000e\000k\000e\000y\000i\000n\000g}{}% 8
\BOOKMARK [2][-]{subsection.24}{\376\377\000C\000o\000n\000s\000t\000r\000u\000c\000t\000i\000o\000n}{section.23}% 9
\BOOKMARK [2][-]{subsection.27}{\376\377\000C\000o\000n\000s\000t\000r\000u\000c\000t\000i\000o\000n\000\040\000a\000n\000d\000\040\000p\000e\000r\000-\000r\000e\000k\000e\000y\000i\000n\000g\000\040\000c\000o\000s\000t}{section.23}% 10
\BOOKMARK [1][-]{section.30}{\376\377\000N\000a\000t\000u\000r\000a\000l\000i\000t\000y\000:\000\040\000R\000e\000k\000e\000y\000i\000n\000g\000\040\000C\000o\000m\000m\000u\000t\000e\000s\000\040\000w\000i\000t\000h\000\040\000O\000p\000e\000r\000a\000t\000i\000o\000n\000s}{}% 11
\BOOKMARK [2][-]{subsection.31}{\376\377\000T\000h\000e\000\040\000n\000a\000t\000u\000r\000a\000l\000i\000t\000y\000\040\000s\000q\000u\000a\000r\000e}{section.30}% 12
\BOOKMARK [2][-]{subsection.34}{\376\377\000R\000e\000k\000e\000y\000i\000n\000g\000\040\000c\000h\000a\000i\000n\000s}{section.30}% 13
\BOOKMARK [1][-]{section.36}{\376\377\000I\000n\000f\000o\000r\000m\000a\000t\000i\000o\000n\000-\000T\000h\000e\000o\000r\000e\000t\000i\000c\000\040\000C\000o\000s\000t}{}% 14
\BOOKMARK [2][-]{subsection.37}{\376\377\000C\000r\000o\000s\000s\000-\000c\000i\000p\000h\000e\000r\000-\000s\000p\000a\000c\000e\000\040\000c\000o\000r\000r\000e\000l\000a\000t\000i\000o\000n}{section.36}% 15
\BOOKMARK [2][-]{subsection.40}{\376\377\000Q\000u\000a\000n\000t\000i\000f\000i\000c\000a\000t\000i\000o\000n\000:\000\040\000r\000e\000k\000e\000y\000i\000n\000g\000\040\000c\000h\000a\000i\000n\000\040\000l\000e\000a\000k\000a\000g\000e}{section.36}% 16
\BOOKMARK [2][-]{subsection.42}{\376\377\000S\000u\000b\000-\000T\000u\000r\000i\000n\000g\000\040\000c\000o\000m\000p\000u\000t\000a\000t\000i\000o\000n\000\040\000a\000s\000\040\000a\000\040\000s\000e\000c\000u\000r\000i\000t\000y\000\040\000f\000e\000a\000t\000u\000r\000e}{section.36}% 17
\BOOKMARK [2][-]{subsection.44}{\376\377\000M\000i\000t\000i\000g\000a\000t\000i\000o\000n\000:\000\040\000r\000a\000n\000d\000o\000m\000i\000z\000e\000d\000\040\000r\000e\000k\000e\000y\000i\000n\000g}{section.36}% 18
\BOOKMARK [2][-]{subsection.48}{\376\377\000W\000h\000e\000n\000\040\000i\000s\000\040\000r\000e\000k\000e\000y\000i\000n\000g\000-\000i\000n\000d\000u\000c\000e\000d\000\040\000l\000e\000a\000k\000a\000g\000e\000\040\000a\000c\000c\000e\000p\000t\000a\000b\000l\000e\000?}{section.36}% 19
\BOOKMARK [1][-]{section.49}{\376\377\000A\000p\000p\000l\000i\000c\000a\000t\000i\000o\000n\000s}{}% 20
\BOOKMARK [2][-]{subsection.50}{\376\377\000S\000c\000h\000e\000d\000u\000l\000e\000d\000\040\000k\000e\000y\000\040\000r\000o\000t\000a\000t\000i\000o\000n}{section.49}% 21
\BOOKMARK [2][-]{subsection.51}{\376\377\000M\000u\000l\000t\000i\000-\000t\000e\000n\000a\000n\000t\000\040\000c\000i\000p\000h\000e\000r\000\040\000s\000y\000s\000t\000e\000m\000s}{section.49}% 22
\BOOKMARK [2][-]{subsection.52}{\376\377\000F\000o\000r\000w\000a\000r\000d\000\040\000s\000e\000c\000r\000e\000c\000y\000\040\000v\000i\000a\000\040\000k\000e\000y\000\040\000r\000e\000t\000i\000r\000e\000m\000e\000n\000t}{section.49}% 23
\BOOKMARK [2][-]{subsection.53}{\376\377\000R\000e\000k\000e\000y\000i\000n\000g\000\040\000c\000h\000a\000i\000n\000s\000\040\000f\000o\000r\000\040\000e\000v\000o\000l\000v\000i\000n\000g\000\040\000t\000r\000u\000s\000t\000\040\000b\000o\000u\000n\000d\000a\000r\000i\000e\000s}{section.49}% 24
\BOOKMARK [1][-]{section.54}{\376\377\000R\000e\000l\000a\000t\000e\000d\000\040\000W\000o\000r\000k}{}% 25
\BOOKMARK [1][-]{section.60}{\376\377\000C\000o\000n\000c\000l\000u\000s\000i\000o\000n}{}% 26
