\BOOKMARK [1][-]{section.1}{\376\377\000I\000n\000t\000r\000o\000d\000u\000c\000t\000i\000o\000n}{}% 1
\BOOKMARK [1][-]{section.5}{\376\377\000R\000e\000l\000a\000t\000e\000d\000\040\000W\000o\000r\000k}{}% 2
\BOOKMARK [1][-]{section.11}{\376\377\000P\000r\000e\000l\000i\000m\000i\000n\000a\000r\000i\000e\000s}{}% 3
\BOOKMARK [1][-]{section.19}{\376\377\000C\000i\000p\000h\000e\000r\000\040\000T\000y\000p\000e\000\040\000C\000o\000n\000s\000t\000r\000u\000c\000t\000o\000r\000s}{}% 4
\BOOKMARK [2][-]{subsection.20}{\376\377\000V\000o\000i\000d\000\040\000a\000n\000d\000\040\000U\000n\000i\000t}{section.19}% 5
\BOOKMARK [2][-]{subsection.21}{\376\377\000P\000r\000o\000d\000u\000c\000t\000\040\000T\000y\000p\000e\000s}{section.19}% 6
\BOOKMARK [2][-]{subsection.27}{\376\377\000S\000u\000m\000\040\000T\000y\000p\000e\000s}{section.19}% 7
\BOOKMARK [2][-]{subsection.35}{\376\377\000E\000x\000p\000o\000n\000e\000n\000t\000i\000a\000l\000\040\000T\000y\000p\000e\000s}{section.19}% 8
\BOOKMARK [2][-]{subsection.40}{\376\377\000S\000u\000m\000m\000a\000r\000y\000:\000\040\000T\000h\000e\000\040\000C\000i\000p\000h\000e\000r\000-\000T\000y\000p\000e\000\040\000A\000l\000g\000e\000b\000r\000a}{section.19}% 9
\BOOKMARK [1][-]{section.45}{\376\377\000O\000r\000b\000i\000t\000\040\000C\000l\000o\000s\000u\000r\000e\000\040\000a\000n\000d\000\040\000I\000n\000f\000o\000r\000m\000a\000t\000i\000o\000n\000\040\000L\000e\000a\000k\000a\000g\000e}{}% 10
\BOOKMARK [2][-]{subsection.46}{\376\377\000D\000e\000f\000i\000n\000i\000t\000i\000o\000n}{section.45}% 11
\BOOKMARK [2][-]{subsection.51}{\376\377\000M\000o\000n\000o\000t\000o\000n\000i\000c\000i\000t\000y}{section.45}% 12
\BOOKMARK [2][-]{subsection.54}{\376\377\000C\000o\000n\000f\000i\000d\000e\000n\000t\000i\000a\000l\000i\000t\000y\000\040\000B\000o\000u\000n\000d}{section.45}% 13
\BOOKMARK [2][-]{subsection.58}{\376\377\000E\000x\000a\000m\000p\000l\000e\000s}{section.45}% 14
\BOOKMARK [2][-]{subsection.63}{\376\377\000T\000y\000p\000e\000d\000\040\000C\000o\000m\000p\000o\000s\000i\000t\000i\000o\000n\000\040\000C\000h\000a\000i\000n\000s}{section.45}% 15
\BOOKMARK [1][-]{section.67}{\376\377\000C\000i\000p\000h\000e\000r\000\040\000B\000o\000o\000l\000e\000a\000n\000\040\000A\000l\000g\000e\000b\000r\000a\000\040\000a\000n\000d\000\040\000E\000v\000a\000l\000u\000a\000t\000i\000o\000n}{}% 16
\BOOKMARK [2][-]{subsection.68}{\376\377\000C\000i\000p\000h\000e\000r\000\040\000B\000o\000o\000l\000e\000a\000n\000\040\000T\000y\000p\000e}{section.67}% 17
\BOOKMARK [2][-]{subsection.71}{\376\377\000N\000o\000i\000s\000e\000\040\000U\000n\000r\000e\000l\000i\000a\000b\000i\000l\000i\000t\000y}{section.67}% 18
\BOOKMARK [2][-]{subsection.76}{\376\377\000E\000x\000p\000e\000r\000i\000m\000e\000n\000t\000a\000l\000\040\000V\000a\000l\000i\000d\000a\000t\000i\000o\000n}{section.67}% 19
\BOOKMARK [2][-]{subsection.83}{\376\377\000P\000a\000r\000t\000i\000a\000l\000\040\000F\000i\000l\000t\000e\000r\000i\000n\000g}{section.67}% 20
\BOOKMARK [1][-]{section.84}{\376\377\000D\000i\000s\000c\000u\000s\000s\000i\000o\000n}{}% 21
\BOOKMARK [1][-]{section.93}{\376\377\000C\000o\000n\000c\000l\000u\000s\000i\000o\000n}{}% 22
