\BOOKMARK [1][-]{section.1}{\376\377\000I\000n\000t\000r\000o\000d\000u\000c\000t\000i\000o\000n}{}% 1
\BOOKMARK [1][-]{section.5}{\376\377\000R\000e\000l\000a\000t\000e\000d\000\040\000W\000o\000r\000k}{}% 2
\BOOKMARK [1][-]{section.15}{\376\377\000T\000h\000e\000\040\000C\000i\000p\000h\000e\000r\000\040\000M\000a\000p\000\040\000A\000b\000s\000t\000r\000a\000c\000t\000i\000o\000n}{}% 3
\BOOKMARK [2][-]{subsection.16}{\376\377\000P\000r\000e\000l\000i\000m\000i\000n\000a\000r\000i\000e\000s}{section.15}% 4
\BOOKMARK [2][-]{subsection.19}{\376\377\000D\000e\000f\000i\000n\000i\000t\000i\000o\000n}{section.15}% 5
\BOOKMARK [2][-]{subsection.25}{\376\377\000T\000w\000o\000\040\000C\000o\000n\000s\000t\000r\000u\000c\000t\000i\000o\000n\000\040\000S\000t\000r\000a\000t\000e\000g\000i\000e\000s}{section.15}% 6
\BOOKMARK [2][-]{subsection.26}{\376\377\000C\000o\000n\000s\000t\000r\000u\000c\000t\000i\000o\000n\000\040\000L\000a\000y\000e\000r\000s}{section.15}% 7
\BOOKMARK [1][-]{section.30}{\376\377\000F\000o\000u\000r\000\040\000P\000r\000o\000p\000e\000r\000t\000i\000e\000s}{}% 8
\BOOKMARK [2][-]{subsection.31}{\376\377\000P\000r\000o\000p\000e\000r\000t\000y\000\040\0001\000:\000\040\000T\000o\000t\000a\000l\000i\000t\000y}{section.30}% 9
\BOOKMARK [2][-]{subsection.33}{\376\377\000P\000r\000o\000p\000e\000r\000t\000y\000\040\0002\000:\000\040\000R\000e\000p\000r\000e\000s\000e\000n\000t\000a\000t\000i\000o\000n\000\040\000U\000n\000i\000f\000o\000r\000m\000i\000t\000y\000\040\000\050\000d\000e\000l\000t\000a\000-\000b\000o\000u\000n\000d\000e\000d\000\051}{section.30}% 10
\BOOKMARK [2][-]{subsection.41}{\376\377\000P\000r\000o\000p\000e\000r\000t\000y\000\040\0003\000:\000\040\000C\000o\000r\000r\000e\000c\000t\000n\000e\000s\000s\000\040\000\050\000e\000t\000a\000-\000b\000o\000u\000n\000d\000e\000d\000\051}{section.30}% 11
\BOOKMARK [2][-]{subsection.45}{\376\377\000P\000r\000o\000p\000e\000r\000t\000y\000\040\0004\000:\000\040\000C\000o\000m\000p\000o\000s\000a\000b\000i\000l\000i\000t\000y}{section.30}% 12
\BOOKMARK [2][-]{subsection.50}{\376\377\000P\000a\000r\000a\000m\000e\000t\000e\000r\000\040\000D\000e\000c\000o\000m\000p\000o\000s\000i\000t\000i\000o\000n}{section.30}% 13
\BOOKMARK [1][-]{section.53}{\376\377\000T\000h\000e\000\040\000T\000r\000u\000s\000t\000e\000d\000/\000U\000n\000t\000r\000u\000s\000t\000e\000d\000\040\000M\000a\000c\000h\000i\000n\000e\000\040\000M\000o\000d\000e\000l}{}% 14
\BOOKMARK [2][-]{subsection.64}{\376\377\000T\000h\000e\000\040\000C\000o\000n\000f\000i\000d\000e\000n\000t\000i\000a\000l\000i\000t\000y\000\040\000M\000e\000a\000s\000u\000r\000e}{section.53}% 15
\BOOKMARK [2][-]{subsection.69}{\376\377\000O\000p\000e\000r\000a\000t\000i\000o\000n\000a\000l\000\040\000C\000o\000n\000s\000e\000q\000u\000e\000n\000c\000e\000s}{section.53}% 16
\BOOKMARK [1][-]{section.82}{\376\377\000T\000h\000e\000\040\000B\000a\000t\000c\000h\000\040\000C\000o\000n\000s\000t\000r\000u\000c\000t\000i\000o\000n}{}% 17
\BOOKMARK [2][-]{subsection.83}{\376\377\000I\000n\000f\000o\000r\000m\000a\000t\000i\000o\000n\000-\000T\000h\000e\000o\000r\000e\000t\000i\000c\000\040\000L\000o\000w\000e\000r\000\040\000B\000o\000u\000n\000d}{section.82}% 18
\BOOKMARK [2][-]{subsection.86}{\376\377\000A\000c\000c\000e\000p\000t\000a\000n\000c\000e\000\040\000P\000r\000e\000d\000i\000c\000a\000t\000e\000s}{section.82}% 19
\BOOKMARK [2][-]{subsection.92}{\376\377\000C\000o\000n\000s\000t\000r\000u\000c\000t\000i\000o\000n\000\040\000A\000l\000g\000o\000r\000i\000t\000h\000m}{section.82}% 20
\BOOKMARK [2][-]{subsection.94}{\376\377\000S\000p\000a\000c\000e\000\040\000O\000p\000t\000i\000m\000a\000l\000i\000t\000y}{section.82}% 21
\BOOKMARK [2][-]{subsection.99}{\376\377\000C\000o\000n\000s\000t\000r\000u\000c\000t\000i\000o\000n\000\040\000T\000i\000m\000e\000\040\000a\000n\000d\000\040\000B\000u\000c\000k\000e\000t\000i\000n\000g}{section.82}% 22
\BOOKMARK [2][-]{subsection.104}{\376\377\000I\000n\000s\000t\000a\000n\000t\000i\000a\000t\000i\000o\000n\000s}{section.82}% 23
\BOOKMARK [3][-]{subsubsection.105}{\376\377\000E\000n\000t\000r\000o\000p\000y\000\040\000C\000i\000p\000h\000e\000r\000\040\000M\000a\000p}{subsection.104}% 24
\BOOKMARK [1][-]{section.118}{\376\377\000C\000o\000m\000p\000o\000s\000i\000t\000i\000o\000n}{}% 25
\BOOKMARK [2][-]{subsection.119}{\376\377\000W\000a\000r\000m\000-\000U\000p\000:\000\040\000T\000h\000e\000\040\000A\000N\000D\000\040\000G\000a\000t\000e}{section.118}% 26
\BOOKMARK [2][-]{subsection.121}{\376\377\000G\000e\000n\000e\000r\000a\000l\000\040\000C\000o\000m\000p\000o\000s\000i\000t\000i\000o\000n\000\040\000T\000h\000e\000o\000r\000e\000m}{section.118}% 27
\BOOKMARK [2][-]{subsection.126}{\376\377\000C\000o\000m\000p\000o\000s\000i\000t\000i\000o\000n\000\040\000C\000h\000a\000i\000n\000s}{section.118}% 28
\BOOKMARK [2][-]{subsection.131}{\376\377\000E\000r\000r\000o\000r\000\040\000A\000c\000c\000u\000m\000u\000l\000a\000t\000i\000o\000n\000\040\000b\000y\000\040\000G\000a\000t\000e\000\040\000T\000y\000p\000e}{section.118}% 29
\BOOKMARK [1][-]{section.132}{\376\377\000R\000e\000p\000r\000e\000s\000e\000n\000t\000a\000t\000i\000o\000n\000\040\000U\000n\000i\000f\000o\000r\000m\000i\000t\000y\000\040\000a\000n\000d\000\040\000E\000n\000c\000o\000d\000i\000n\000g\000\040\000G\000r\000a\000n\000u\000l\000a\000r\000i\000t\000y}{}% 30
\BOOKMARK [2][-]{subsection.133}{\376\377\000T\000h\000e\000\040\000E\000n\000c\000o\000d\000i\000n\000g\000\040\000G\000r\000a\000n\000u\000l\000a\000r\000i\000t\000y\000\040\000P\000r\000i\000n\000c\000i\000p\000l\000e}{section.132}% 31
\BOOKMARK [2][-]{subsection.137}{\376\377\000C\000o\000m\000p\000o\000s\000i\000t\000i\000o\000n\000a\000l\000\040\000L\000e\000a\000k\000a\000g\000e}{section.132}% 32
\BOOKMARK [2][-]{subsection.143}{\376\377\000M\000u\000l\000t\000i\000-\000I\000n\000s\000t\000a\000n\000c\000e\000\040\000C\000o\000m\000p\000o\000s\000i\000t\000i\000o\000n\000\040\000L\000e\000a\000k\000a\000g\000e}{section.132}% 33
\BOOKMARK [1][-]{section.164}{\376\377\000D\000i\000s\000c\000u\000s\000s\000i\000o\000n}{}% 34
\BOOKMARK [2][-]{subsection.165}{\376\377\000R\000e\000l\000a\000t\000i\000o\000n\000s\000h\000i\000p\000\040\000t\000o\000\040\000t\000h\000e\000\040\000B\000e\000r\000n\000o\000u\000l\000l\000i\000\040\000M\000o\000d\000e\000l}{section.164}% 35
\BOOKMARK [2][-]{subsection.166}{\376\377\000A\000l\000g\000e\000b\000r\000a\000i\000c\000\040\000S\000t\000r\000u\000c\000t\000u\000r\000e}{section.164}% 36
\BOOKMARK [2][-]{subsection.167}{\376\377\000O\000n\000l\000i\000n\000e\000\040\000C\000o\000n\000s\000t\000r\000u\000c\000t\000i\000o\000n}{section.164}% 37
\BOOKMARK [2][-]{subsection.168}{\376\377\000B\000o\000u\000n\000d\000e\000d\000\040\000C\000o\000m\000p\000o\000s\000i\000t\000i\000o\000n\000\040\000a\000s\000\040\000a\000\040\000S\000e\000c\000u\000r\000i\000t\000y\000\040\000F\000e\000a\000t\000u\000r\000e}{section.164}% 38
\BOOKMARK [2][-]{subsection.169}{\376\377\000O\000p\000e\000n\000\040\000Q\000u\000e\000s\000t\000i\000o\000n\000s}{section.164}% 39
\BOOKMARK [2][-]{subsection.176}{\376\377\000W\000h\000a\000t\000\040\000T\000h\000i\000s\000\040\000F\000r\000a\000m\000e\000w\000o\000r\000k\000\040\000I\000s\000\040\000N\000o\000t}{section.164}% 40
\BOOKMARK [2][-]{subsection.177}{\376\377\000T\000h\000r\000e\000a\000t\000\040\000M\000o\000d\000e\000l\000\040\000S\000c\000o\000p\000e\000:\000\040\000V\000a\000l\000u\000e\000-\000S\000i\000d\000e\000\040\000a\000n\000d\000\040\000K\000e\000y\000-\000S\000i\000d\000e\000\040\000C\000h\000a\000n\000n\000e\000l\000s}{section.164}% 41
\BOOKMARK [1][-]{section.179}{\376\377\000I\000m\000p\000l\000e\000m\000e\000n\000t\000a\000t\000i\000o\000n\000\040\000a\000n\000d\000\040\000E\000v\000a\000l\000u\000a\000t\000i\000o\000n}{}% 42
\BOOKMARK [2][-]{subsection.181}{\376\377\000R\000e\000f\000e\000r\000e\000n\000c\000e\000\040\000I\000m\000p\000l\000e\000m\000e\000n\000t\000a\000t\000i\000o\000n}{section.179}% 43
\BOOKMARK [2][-]{subsection.183}{\376\377\000A\000p\000p\000l\000i\000c\000a\000t\000i\000o\000n\000:\000\040\000E\000n\000c\000r\000y\000p\000t\000e\000d\000\040\000S\000e\000a\000r\000c\000h}{section.179}% 44
\BOOKMARK [2][-]{subsection.188}{\376\377\0002\0000\000\040\000N\000e\000w\000s\000g\000r\000o\000u\000p\000s\000:\000\040\000B\000o\000o\000l\000e\000a\000n\000\040\000S\000e\000a\000r\000c\000h\000\040\000V\000a\000l\000i\000d\000a\000t\000i\000o\000n}{section.179}% 45
\BOOKMARK [2][-]{subsection.198}{\376\377\000D\000e\000n\000i\000a\000b\000i\000l\000i\000t\000y\000\040\000v\000i\000a\000\040\000t\000h\000e\000\040\000C\000o\000r\000r\000e\000c\000t\000n\000e\000s\000s\000\040\000P\000a\000r\000a\000m\000e\000t\000e\000r}{section.179}% 46
\BOOKMARK [2][-]{subsection.201}{\376\377\000F\000u\000r\000t\000h\000e\000r\000\040\000E\000m\000p\000i\000r\000i\000c\000a\000l\000\040\000I\000n\000v\000e\000s\000t\000i\000g\000a\000t\000i\000o\000n\000s}{section.179}% 47
\BOOKMARK [2][-]{subsection.202}{\376\377\000C\000o\000d\000e\000c\000\040\000S\000e\000c\000u\000r\000i\000t\000y\000:\000\040\000A\000\040\000D\000i\000r\000e\000c\000t\000\040\000M\000e\000m\000b\000e\000r\000s\000h\000i\000p\000-\000I\000n\000f\000e\000r\000e\000n\000c\000e\000\040\000S\000t\000u\000d\000y}{section.179}% 48
